Archive member included to satisfy reference by file (symbol)

.\CortexM3\ARM_GCC_541\Debug\endSemProject.a(LED1.o)
                              .\CortexM3\ARM_GCC_541\Debug\main.o (LED1_Write)
.\CortexM3\ARM_GCC_541\Debug\endSemProject.a(LED2.o)
                              .\CortexM3\ARM_GCC_541\Debug\main.o (LED2_Write)
.\CortexM3\ARM_GCC_541\Debug\endSemProject.a(LCD.o)
                              .\CortexM3\ARM_GCC_541\Debug\main.o (LCD_PrintString)
.\CortexM3\ARM_GCC_541\Debug\endSemProject.a(CyLib.o)
                              .\CortexM3\ARM_GCC_541\Debug\Cm3Start.o (CyHalt)
.\CortexM3\ARM_GCC_541\Debug\endSemProject.a(cyPm.o)
                              .\CortexM3\ARM_GCC_541\Debug\endSemProject.a(CyLib.o) (CyPmReadStatus)
.\CortexM3\ARM_GCC_541\Debug\endSemProject.a(CapSense.o)
                              .\CortexM3\ARM_GCC_541\Debug\main.o (CapSense_IsBusy)
.\CortexM3\ARM_GCC_541\Debug\endSemProject.a(CapSense_CSHL.o)
                              .\CortexM3\ARM_GCC_541\Debug\main.o (CapSense_InitializeAllBaselines)
.\CortexM3\ARM_GCC_541\Debug\endSemProject.a(CapSense_INT.o)
                              .\CortexM3\ARM_GCC_541\Debug\endSemProject.a(CapSense.o) (CapSense_IsrCH0_ISR)
.\CortexM3\ARM_GCC_541\Debug\endSemProject.a(CapSense_SMS_Wrapper.o)
                              .\CortexM3\ARM_GCC_541\Debug\endSemProject.a(CapSense_CSHL.o) (CapSense_CalculateThresholds)
.\CortexM3\ARM_GCC_541\Debug\endSemProject.a(CapSense_CompCH0.o)
                              .\CortexM3\ARM_GCC_541\Debug\endSemProject.a(CapSense.o) (CapSense_CompCH0_Enable)
.\CortexM3\ARM_GCC_541\Debug\endSemProject.a(CapSense_IdacCH0.o)
                              .\CortexM3\ARM_GCC_541\Debug\endSemProject.a(CapSense.o) (CapSense_IdacCH0_Enable)
.\CortexM3\ARM_GCC_541\Debug\endSemProject.a(CapSense_AMuxCH0.o)
                              .\CortexM3\ARM_GCC_541\Debug\endSemProject.a(CapSense.o) (CapSense_AMuxCH0_Init)
.\CortexM3\ARM_GCC_541\Debug\endSemProject.a(CapSense_IntClock.o)
                              .\CortexM3\ARM_GCC_541\Debug\endSemProject.a(CapSense.o) (CapSense_IntClock_Start)
.\CortexM3\ARM_GCC_541\Debug\endSemProject.a(CyBootAsmGnu.o)
                              .\CortexM3\ARM_GCC_541\Debug\cyfitter_cfg.o (CyDelayCycles)
.\CortexM3\ARM_GCC_541\Debug\endSemProject.a(CyFlash.o)
                              .\CortexM3\ARM_GCC_541\Debug\endSemProject.a(cyPm.o) (CyFlash_SetWaitCycles)
.\CortexM3\ARM_GCC_541\Debug\endSemProject.a(CySpc.o)
                              .\CortexM3\ARM_GCC_541\Debug\endSemProject.a(CyFlash.o) (CySpcStart)
C:\Program Files (x86)\Cypress\PSoC Creator\4.4\PSoC Creator\psoc\content\CyComponentLibrary\CyComponentLibrary.cylib\CapSense_CSD_v3_50\Library\CapSenseLibrary_GCC.a(CapSense_CSD_SmartSense_v3_50.o)
                              .\CortexM3\ARM_GCC_541\Debug\endSemProject.a(CapSense_SMS_Wrapper.o) (SMS_LIB_V3_50_CalculateThresholds)
c:/program files (x86)/cypress/psoc creator/4.4/psoc creator/import/gnu/arm/5.4.1/bin/../lib/gcc/arm-none-eabi/5.4.1/armv7-m\libgcc.a(_udivsi3.o)
                              C:\Program Files (x86)\Cypress\PSoC Creator\4.4\PSoC Creator\psoc\content\CyComponentLibrary\CyComponentLibrary.cylib\CapSense_CSD_v3_50\Library\CapSenseLibrary_GCC.a(CapSense_CSD_SmartSense_v3_50.o) (__aeabi_uidiv)
c:/program files (x86)/cypress/psoc creator/4.4/psoc creator/import/gnu/arm/5.4.1/bin/../lib/gcc/arm-none-eabi/5.4.1/armv7-m\libgcc.a(_dvmd_tls.o)
                              c:/program files (x86)/cypress/psoc creator/4.4/psoc creator/import/gnu/arm/5.4.1/bin/../lib/gcc/arm-none-eabi/5.4.1/armv7-m\libgcc.a(_udivsi3.o) (__aeabi_idiv0)
c:/program files (x86)/cypress/psoc creator/4.4/psoc creator/import/gnu/arm/5.4.1/bin/../lib/gcc/arm-none-eabi/5.4.1/../../../../arm-none-eabi/lib/armv7-m\libg_nano.a(lib_a-errno.o)
                              .\CortexM3\ARM_GCC_541\Debug\Cm3Start.o (__errno)
c:/program files (x86)/cypress/psoc creator/4.4/psoc creator/import/gnu/arm/5.4.1/bin/../lib/gcc/arm-none-eabi/5.4.1/../../../../arm-none-eabi/lib/armv7-m\libg_nano.a(lib_a-exit.o)
                              c:/program files (x86)/cypress/psoc creator/4.4/psoc creator/import/gnu/arm/5.4.1/bin/../lib/gcc/arm-none-eabi/5.4.1/../../../../arm-none-eabi/lib/armv7-m/crt0.o (exit)
c:/program files (x86)/cypress/psoc creator/4.4/psoc creator/import/gnu/arm/5.4.1/bin/../lib/gcc/arm-none-eabi/5.4.1/../../../../arm-none-eabi/lib/armv7-m\libg_nano.a(lib_a-impure.o)
                              c:/program files (x86)/cypress/psoc creator/4.4/psoc creator/import/gnu/arm/5.4.1/bin/../lib/gcc/arm-none-eabi/5.4.1/../../../../arm-none-eabi/lib/armv7-m\libg_nano.a(lib_a-exit.o) (_global_impure_ptr)
c:/program files (x86)/cypress/psoc creator/4.4/psoc creator/import/gnu/arm/5.4.1/bin/../lib/gcc/arm-none-eabi/5.4.1/../../../../arm-none-eabi/lib/armv7-m\libg_nano.a(lib_a-init.o)
[...]
Memory Configuration

Name             Origin             Length             Attributes
rom              0x00000000         0x00040000         xr
ram              0x1fff8000         0x00010000         xrw
*default*        0x00000000         0xffffffff

Linker script and memory map

LOAD c:/program files (x86)/cypress/psoc creator/4.4/psoc creator/import/gnu/arm/5.4.1/bin/../lib/gcc/arm-none-eabi/5.4.1/armv7-m/crti.o
LOAD c:/program files (x86)/cypress/psoc creator/4.4/psoc creator/import/gnu/arm/5.4.1/bin/../lib/gcc/arm-none-eabi/5.4.1/armv7-m/crtbegin.o
LOAD c:/program files (x86)/cypress/psoc creator/4.4/psoc creator/import/gnu/arm/5.4.1/bin/../lib/gcc/arm-none-eabi/5.4.1/../../../../arm-none-eabi/lib/armv7-m/crt0.o
START GROUP
LOAD .\CortexM3\ARM_GCC_541\Debug\main.o
LOAD .\CortexM3\ARM_GCC_541\Debug\cyfitter_cfg.o
LOAD .\CortexM3\ARM_GCC_541\Debug\cymetadata.o
LOAD .\CortexM3\ARM_GCC_541\Debug\Cm3Start.o
LOAD .\CortexM3\ARM_GCC_541\Debug\endSemProject.a
LOAD C:\Program Files (x86)\Cypress\PSoC Creator\4.4\PSoC Creator\psoc\content\CyComponentLibrary\CyComponentLibrary.cylib\CapSense_CSD_v3_50\Library\CapSenseLibrary_GCC.a
LOAD C:\Program Files (x86)\Cypress\PSoC Creator\4.4\PSoC Creator\psoc\content\cycomponentlibrary\CyComponentLibrary.cylib\CortexM3\ARM_GCC_541\Debug\CyComponentLibrary.a
END GROUP
START GROUP
LOAD c:/program files (x86)/cypress/psoc creator/4.4/psoc creator/import/gnu/arm/5.4.1/bin/../lib/gcc/arm-none-eabi/5.4.1/armv7-m\libgcc.a
LOAD c:/program files (x86)/cypress/psoc creator/4.4/psoc creator/import/gnu/arm/5.4.1/bin/../lib/gcc/arm-none-eabi/5.4.1/../../../../arm-none-eabi/lib/armv7-m\libg_nano.a
LOAD c:/program files (x86)/cypress/psoc creator/4.4/psoc creator/import/gnu/arm/5.4.1/bin/../lib/gcc/arm-none-eabi/5.4.1/../../../../arm-none-eabi/lib/armv7-m\libc_nano.a
END GROUP
START GROUP
LOAD c:/program files (x86)/cypress/psoc creator/4.4/psoc creator/import/gnu/arm/5.4.1/bin/../lib/gcc/arm-none-eabi/5.4.1/armv7-m\libgcc.a
LOAD c:/program files (x86)/cypress/psoc creator/4.4/psoc creator/import/gnu/arm/5.4.1/bin/../lib/gcc/arm-none-eabi/5.4.1/../../../../arm-none-eabi/lib/armv7-m\libc_nano.a
END GROUP
LOAD c:/program files (x86)/cypress/psoc creator/4.4/psoc creator/import/gnu/arm/5.4.1/bin/../lib/gcc/arm-none-eabi/5.4.1/armv7-m/crtend.o
LOAD c:/program files (x86)/cypress/psoc creator/4.4/psoc creator/import/gnu/arm/5.4.1/bin/../lib/gcc/arm-none-eabi/5.4.1/armv7-m/crtn.o
START GROUP
LOAD c:/program files (x86)/cypress/psoc creator/4.4/psoc creator/import/gnu/arm/5.4.1/bin/../lib/gcc/arm-none-eabi/5.4.1/armv7-m\libgcc.a
LOAD c:/program files (x86)/cypress/psoc creator/4.4/psoc creator/import/gnu/arm/5.4.1/bin/../lib/gcc/arm-none-eabi/5.4.1/../../../../arm-none-eabi/lib/armv7-m\libc.a
LOAD c:/program files (x86)/cypress/psoc creator/4.4/psoc creator/import/gnu/arm/5.4.1/bin/../lib/gcc/arm-none-eabi/5.4.1/../../../../arm-none-eabi/lib/armv7-m\libnosys.a
END GROUP
                0x00000000                CY_APPL_ORIGIN = 0x0
                0x00000100                CY_FLASH_ROW_SIZE = 0x100
                0x00000020                CY_ECC_ROW_SIZE = 0x20
                0x00000000                CY_EE_IN_BTLDR = 0x0
                0x00000000                CY_APPL_LOADABLE = 0x0
                0x00000800                CY_EE_SIZE = 0x800
                0x00000001                CY_APPL_NUM = 0x1
                0x00000001                CY_APPL_MAX = 0x1
                0x00000040                CY_METADATA_SIZE = 0x40
                0x00000000                CY_APPL_LOADABLE = 0x0
                0x00000000                CY_CHECKSUM_EXCLUDE_SIZE = ALIGN (0x0, CY_FLASH_ROW_SIZE)
                [!provide]                PROVIDE (__cy_heap_start, _end)
                0x00000001                PROVIDE (__cy_region_num, ((__cy_regions_end - __cy_regions) / 0x10))
                0x20008000                PROVIDE (__cy_stack, (ORIGIN (ram) + LENGTH (ram)))
                [!provide]                PROVIDE (__cy_heap_end, (__cy_stack - 0x800))

.cybootloader   0x00000000        0x0
 *(.cybootloader)
                0x00000000                appl1_start = CY_APPL_ORIGIN?CY_APPL_ORIGIN:ALIGN (CY_FLASH_ROW_SIZE)
                0x0001ff00                appl2_start = (appl1_start + ALIGN ((((LENGTH (rom) - appl1_start) - (0x2 * CY_FLASH_ROW_SIZE)) / 0x2), CY_FLASH_ROW_SIZE))
                0x00000000                appl_start = (CY_APPL_NUM == 0x1)?appl1_start:appl2_start
                0x00000000                ecc_offset = ((appl_start / CY_FLASH_ROW_SIZE) * CY_ECC_ROW_SIZE)
                0x00000000                ee_offset = (CY_APPL_LOADABLE && ! (CY_EE_IN_BTLDR))?((CY_EE_SIZE / CY_APPL_MAX) * (CY_APPL_NUM - 0x1)):0x0
                0x00000800                ee_size = (CY_APPL_LOADABLE && ! (CY_EE_IN_BTLDR))?(CY_EE_SIZE / CY_APPL_MAX):CY_EE_SIZE
                [!provide]                PROVIDE (CY_ECC_OFFSET, ecc_offset)

.text           0x00000000     0x1754
 CREATE_OBJECT_SYMBOLS
                0x00000000                PROVIDE (__cy_interrupt_vector, RomVectors)
 *(.romvectors)
 .romvectors    0x00000000       0x10 .\CortexM3\ARM_GCC_541\Debug\Cm3Start.o
                0x00000000                RomVectors
                0x00000001                ASSERT ((. != __cy_interrupt_vector), No interrupt vector)
                0x00000001                ASSERT (CY_APPL_ORIGIN?(SIZEOF (.cybootloader) <= CY_APPL_ORIGIN):0x1, Wrong image location)
                0x00000010                PROVIDE (__cy_reset, Reset)
 *(.text.Reset)
 .text.Reset    0x00000010       0x18 .\CortexM3\ARM_GCC_541\Debug\Cm3Start.o
                0x00000010                Reset
                0x00000001                ASSERT ((. != __cy_reset), No reset code)
 *(.dma_init)
                0x00000001                ASSERT ((((appl_start + .) <= 0x10000) || 0x1), DMA Init must be within the first 64k of flash)
 *(.text .text.* .gnu.linkonce.t.*)
 .text          0x00000028       0x5c c:/program files (x86)/cypress/psoc creator/4.4/psoc creator/import/gnu/arm/5.4.1/bin/../lib/gcc/arm-none-eabi/5.4.1/armv7-m/crtbegin.o
 .text.checkInput
                0x00000084       0x9c .\CortexM3\ARM_GCC_541\Debug\main.o
                0x00000084                checkInput
 .text.main     0x00000120       0xf4 .\CortexM3\ARM_GCC_541\Debug\main.o
                0x00000120                main
 .text.CyClockStartupError
                0x00000214        0x4 .\CortexM3\ARM_GCC_541\Debug\cyfitter_cfg.o
 .text.cfg_write_bytes32
                0x00000218       0x34 .\CortexM3\ARM_GCC_541\Debug\cyfitter_cfg.o
 .text.AnalogSetDefault
                0x0000024c       0x4c .\CortexM3\ARM_GCC_541\Debug\cyfitter_cfg.o
 .text.CYMEMZERO
                0x00000298        0xc .\CortexM3\ARM_GCC_541\Debug\cyfitter_cfg.o
 .text.ClockSetup
                0x000002a4       0xb8 .\CortexM3\ARM_GCC_541\Debug\cyfitter_cfg.o
 .text.CYCONFIGCPY
                0x0000035c        0x8 .\CortexM3\ARM_GCC_541\Debug\cyfitter_cfg.o
 .text.CapSense_AMuxCH0_Set
                0x00000364       0x1c .\CortexM3\ARM_GCC_541\Debug\cyfitter_cfg.o
                0x00000364                CapSense_AMuxCH0_Set
 .text.CapSense_AMuxCH0_Unset
                0x00000380       0x1c .\CortexM3\ARM_GCC_541\Debug\cyfitter_cfg.o
                0x00000380                CapSense_AMuxCH0_Unset
 .text.cyfitter_cfg
                0x0000039c      0x120 .\CortexM3\ARM_GCC_541\Debug\cyfitter_cfg.o
                0x0000039c                cyfitter_cfg
 .text.IntDefaultHandler
                0x000004bc       0x10 .\CortexM3\ARM_GCC_541\Debug\Cm3Start.o
                0x000004bc                IntDefaultHandler
 .text._sbrk    0x000004cc       0x30 .\CortexM3\ARM_GCC_541\Debug\Cm3Start.o
                0x000004cc                _sbrk
 .text.Start_c  0x000004fc       0x4c .\CortexM3\ARM_GCC_541\Debug\Cm3Start.o
                0x000004fc                Start_c
 .text.initialize_psoc
                0x00000548       0x68 .\CortexM3\ARM_GCC_541\Debug\Cm3Start.o
                0x00000548                initialize_psoc
 .text.LED1_Write
                0x000005b0       0x18 .\CortexM3\ARM_GCC_541\Debug\endSemProject.a(LED1.o)
                0x000005b0                LED1_Write
 .text.LED2_Write
                0x000005c8       0x18 .\CortexM3\ARM_GCC_541\Debug\endSemProject.a(LED2.o)
                0x000005c8                LED2_Write
 .text.LCD_WrCntrlNib
                0x000005e0       0x34 .\CortexM3\ARM_GCC_541\Debug\endSemProject.a(LCD.o)
 .text.LCD_WrDatNib
                0x00000614       0x44 .\CortexM3\ARM_GCC_541\Debug\endSemProject.a(LCD.o)
 .text.LCD_IsReady
                0x00000658       0xe4 .\CortexM3\ARM_GCC_541\Debug\endSemProject.a(LCD.o)
                0x00000658                LCD_IsReady
 .text.LCD_WriteData
                0x0000073c       0x18 .\CortexM3\ARM_GCC_541\Debug\endSemProject.a(LCD.o)
                0x0000073c                LCD_WriteData
 .text.LCD_PrintString
                0x00000754       0x1c .\CortexM3\ARM_GCC_541\Debug\endSemProject.a(LCD.o)
                0x00000754                LCD_PrintString
 .text.LCD_WriteControl
                0x00000770       0x18 .\CortexM3\ARM_GCC_541\Debug\endSemProject.a(LCD.o)
                0x00000770                LCD_WriteControl
 .text.LCD_Init
                0x00000788       0x6c .\CortexM3\ARM_GCC_541\Debug\endSemProject.a(LCD.o)
                0x00000788                LCD_Init
 .text.LCD_Enable
                0x000007f4       0x14 .\CortexM3\ARM_GCC_541\Debug\endSemProject.a(LCD.o)
                0x000007f4                LCD_Enable
 .text.LCD_Start
                0x00000808       0x1c .\CortexM3\ARM_GCC_541\Debug\endSemProject.a(LCD.o)
                0x00000808                LCD_Start
 .text.LCD_Position
                0x00000824       0x3c .\CortexM3\ARM_GCC_541\Debug\endSemProject.a(LCD.o)
                0x00000824                LCD_Position
 .text.LCD_PrintU32Number
                0x00000860       0x64 .\CortexM3\ARM_GCC_541\Debug\endSemProject.a(LCD.o)
                0x00000860                LCD_PrintU32Number
 .text.CyHalt   0x000008c4        0x4 .\CortexM3\ARM_GCC_541\Debug\endSemProject.a(CyLib.o)
                0x000008c4                CyHalt
 .text.CyDelay  0x000008c8       0x2c .\CortexM3\ARM_GCC_541\Debug\endSemProject.a(CyLib.o)
                0x000008c8                CyDelay
 .text.CyDelayUs
                0x000008f4       0x14 .\CortexM3\ARM_GCC_541\Debug\endSemProject.a(CyLib.o)
                0x000008f4                CyDelayUs
 .text.CyIntSetVector
                0x00000908       0x28 .\CortexM3\ARM_GCC_541\Debug\endSemProject.a(CyLib.o)
                0x00000908                CyIntSetVector
 .text.CyIntSetPriority
                0x00000930       0x30 .\CortexM3\ARM_GCC_541\Debug\endSemProject.a(CyLib.o)
                0x00000930                CyIntSetPriority
 .text.CapSense_Enable
                0x00000960       0x68 .\CortexM3\ARM_GCC_541\Debug\endSemProject.a(CapSense.o)
                0x00000960                CapSense_Enable
 .text.CapSense_FindNextSensor
                0x000009c8       0x20 .\CortexM3\ARM_GCC_541\Debug\endSemProject.a(CapSense.o)
                0x000009c8                CapSense_FindNextSensor
 .text.CapSense_IsBusy
                0x000009e8       0x10 .\CortexM3\ARM_GCC_541\Debug\endSemProject.a(CapSense.o)
                0x000009e8                CapSense_IsBusy
 .text.CapSense_EnableSensor
                0x000009f8       0x34 .\CortexM3\ARM_GCC_541\Debug\endSemProject.a(CapSense.o)
                0x000009f8                CapSense_EnableSensor
 .text.CapSense_DisableSensor
                0x00000a2c       0x38 .\CortexM3\ARM_GCC_541\Debug\endSemProject.a(CapSense.o)
                0x00000a2c                CapSense_DisableSensor
 .text.CapSense_ClearSensors
                0x00000a64       0x18 .\CortexM3\ARM_GCC_541\Debug\endSemProject.a(CapSense.o)
                0x00000a64                CapSense_ClearSensors
 .text.CapSense_PostScan
                0x00000a7c       0x4c .\CortexM3\ARM_GCC_541\Debug\endSemProject.a(CapSense.o)
                0x00000a7c                CapSense_PostScan
 .text.CapSense_SetPrescaler
                0x00000ac8       0x10 .\CortexM3\ARM_GCC_541\Debug\endSemProject.a(CapSense.o)
                0x00000ac8                CapSense_SetPrescaler
 .text.CapSense_SetScanSlotSettings
                0x00000ad8       0x38 .\CortexM3\ARM_GCC_541\Debug\endSemProject.a(CapSense.o)
                0x00000ad8                CapSense_SetScanSlotSettings
 .text.CapSense_PreScan
                0x00000b10       0x34 .\CortexM3\ARM_GCC_541\Debug\endSemProject.a(CapSense.o)
                0x00000b10                CapSense_PreScan
 .text.CapSense_ScanSensor
                0x00000b44       0x20 .\CortexM3\ARM_GCC_541\Debug\endSemProject.a(CapSense.o)
                0x00000b44                CapSense_ScanSensor
 .text.CapSense_ScanEnabledWidgets
                0x00000b64       0x38 .\CortexM3\ARM_GCC_541\Debug\endSemProject.a(CapSense.o)
                0x00000b64                CapSense_ScanEnabledWidgets
 .text.CapSense_SetAnalogSwitchesSource
                0x00000b9c       0x20 .\CortexM3\ARM_GCC_541\Debug\endSemProject.a(CapSense.o)
                0x00000b9c                CapSense_SetAnalogSwitchesSource
 .text.CapSense_Init
                0x00000bbc       0xe4 .\CortexM3\ARM_GCC_541\Debug\endSemProject.a(CapSense.o)
                0x00000bbc                CapSense_Init
 .text.CapSense_Start
                0x00000ca0       0x2c .\CortexM3\ARM_GCC_541\Debug\endSemProject.a(CapSense.o)
                0x00000ca0                CapSense_Start
 .text.CapSense_BaseInit
                0x00000ccc       0x50 .\CortexM3\ARM_GCC_541\Debug\endSemProject.a(CapSense_CSHL.o)
                0x00000ccc                CapSense_BaseInit
 .text.CapSense_InitializeSensorBaseline
                0x00000d1c       0x18 .\CortexM3\ARM_GCC_541\Debug\endSemProject.a(CapSense_CSHL.o)
                0x00000d1c                CapSense_InitializeSensorBaseline
 .text.CapSense_InitializeAllBaselines
                0x00000d34       0x18 .\CortexM3\ARM_GCC_541\Debug\endSemProject.a(CapSense_CSHL.o)
                0x00000d34                CapSense_InitializeAllBaselines
 .text.CapSense_CheckIsSensorActive
                0x00000d4c       0x88 .\CortexM3\ARM_GCC_541\Debug\endSemProject.a(CapSense_CSHL.o)
                0x00000d4c                CapSense_CheckIsSensorActive
 .text.CapSense_CheckIsWidgetActive
                0x00000dd4       0x2c .\CortexM3\ARM_GCC_541\Debug\endSemProject.a(CapSense_CSHL.o)
                0x00000dd4                CapSense_CheckIsWidgetActive
 .text.CapSense_IIR4Filter
                0x00000e00        0xc .\CortexM3\ARM_GCC_541\Debug\endSemProject.a(CapSense_CSHL.o)
                0x00000e00                CapSense_IIR4Filter
 .text.CapSense_UpdateSensorBaseline
                0x00000e0c       0xec .\CortexM3\ARM_GCC_541\Debug\endSemProject.a(CapSense_CSHL.o)
                0x00000e0c                CapSense_UpdateSensorBaseline
 .text.CapSense_UpdateEnabledBaselines
                0x00000ef8       0x2c .\CortexM3\ARM_GCC_541\Debug\endSemProject.a(CapSense_CSHL.o)
                0x00000ef8                CapSense_UpdateEnabledBaselines
 .text.CapSense_IsrCH0_ISR
                0x00000f24       0x50 .\CortexM3\ARM_GCC_541\Debug\endSemProject.a(CapSense_INT.o)
                0x00000f24                CapSense_IsrCH0_ISR
 .text.SMS_LIB_ScanSensor
                0x00000f74        0x8 .\CortexM3\ARM_GCC_541\Debug\endSemProject.a(CapSense_SMS_Wrapper.o)
                0x00000f74                SMS_LIB_ScanSensor
 .text.SMS_LIB_IsBusy
                0x00000f7c        0x8 .\CortexM3\ARM_GCC_541\Debug\endSemProject.a(CapSense_SMS_Wrapper.o)
                0x00000f7c                SMS_LIB_IsBusy
 .text.CapSense_CalculateThresholds
                0x00000f84        0x8 .\CortexM3\ARM_GCC_541\Debug\endSemProject.a(CapSense_SMS_Wrapper.o)
                0x00000f84                CapSense_CalculateThresholds
 .text.CapSense_AutoTune
                0x00000f8c        0x8 .\CortexM3\ARM_GCC_541\Debug\endSemProject.a(CapSense_SMS_Wrapper.o)
                0x00000f8c                CapSense_AutoTune
 .text.SMS_LIB_V3_50_SetAnalogSwitchesSrc_PRS
                0x00000f94        0xc .\CortexM3\ARM_GCC_541\Debug\endSemProject.a(CapSense_SMS_Wrapper.o)
                0x00000f94                SMS_LIB_V3_50_SetAnalogSwitchesSrc_PRS
 .text.SMS_LIB_V3_50_SetAnalogSwitchesSrc_Prescaler
                0x00000fa0        0xc .\CortexM3\ARM_GCC_541\Debug\endSemProject.a(CapSense_SMS_Wrapper.o)
                0x00000fa0                SMS_LIB_V3_50_SetAnalogSwitchesSrc_Prescaler
 .text.CapSense_CompCH0_Enable
                0x00000fac       0x1c .\CortexM3\ARM_GCC_541\Debug\endSemProject.a(CapSense_CompCH0.o)
                0x00000fac                CapSense_CompCH0_Enable
 .text.CapSense_CompCH0_SetSpeed
                0x00000fc8       0x58 .\CortexM3\ARM_GCC_541\Debug\endSemProject.a(CapSense_CompCH0.o)
                0x00000fc8                CapSense_CompCH0_SetSpeed
 .text.CapSense_CompCH0_Init
                0x00001020       0x3c .\CortexM3\ARM_GCC_541\Debug\endSemProject.a(CapSense_CompCH0.o)
                0x00001020                CapSense_CompCH0_Init
 .text.CapSense_IdacCH0_Enable
                0x0000105c       0x1c .\CortexM3\ARM_GCC_541\Debug\endSemProject.a(CapSense_IdacCH0.o)
                0x0000105c                CapSense_IdacCH0_Enable
 .text.CapSense_IdacCH0_SetSpeed
                0x00001078       0x1c .\CortexM3\ARM_GCC_541\Debug\endSemProject.a(CapSense_IdacCH0.o)
                0x00001078                CapSense_IdacCH0_SetSpeed
 .text.CapSense_IdacCH0_SetValue
                0x00001094        0xc .\CortexM3\ARM_GCC_541\Debug\endSemProject.a(CapSense_IdacCH0.o)
                0x00001094                CapSense_IdacCH0_SetValue
 .text.CapSense_IdacCH0_DacTrim
                0x000010a0       0x34 .\CortexM3\ARM_GCC_541\Debug\endSemProject.a(CapSense_IdacCH0.o)
                0x000010a0                CapSense_IdacCH0_DacTrim
 .text.CapSense_IdacCH0_Init
                0x000010d4       0x2c .\CortexM3\ARM_GCC_541\Debug\endSemProject.a(CapSense_IdacCH0.o)
                0x000010d4                CapSense_IdacCH0_Init
 .text.CapSense_IdacCH0_SetPolarity
                0x00001100       0x20 .\CortexM3\ARM_GCC_541\Debug\endSemProject.a(CapSense_IdacCH0.o)
                0x00001100                CapSense_IdacCH0_SetPolarity
 .text.CapSense_IdacCH0_SetRange
                0x00001120       0x20 .\CortexM3\ARM_GCC_541\Debug\endSemProject.a(CapSense_IdacCH0.o)
                0x00001120                CapSense_IdacCH0_SetRange
 .text.CapSense_AMuxCH0_DisconnectAll
                0x00001140       0x18 .\CortexM3\ARM_GCC_541\Debug\endSemProject.a(CapSense_AMuxCH0.o)
                0x00001140                CapSense_AMuxCH0_DisconnectAll
 .text.CapSense_AMuxCH0_Init
                0x00001158        0x8 .\CortexM3\ARM_GCC_541\Debug\endSemProject.a(CapSense_AMuxCH0.o)
                0x00001158                CapSense_AMuxCH0_Init
 .text.CapSense_IntClock_Start
                0x00001160       0x1c .\CortexM3\ARM_GCC_541\Debug\endSemProject.a(CapSense_IntClock.o)
                0x00001160                CapSense_IntClock_Start
 *fill*         0x0000117c        0x4 
 .text          0x00001180       0x20 .\CortexM3\ARM_GCC_541\Debug\endSemProject.a(CyBootAsmGnu.o)
                0x00001180                CyDelayCycles
                0x00001190                CyEnterCriticalSection
                0x00001198                CyExitCriticalSection
 .text.SMS_LIB_V3_50_CallibrateSensor1Ch
                0x000011a0       0x84 C:\Program Files (x86)\Cypress\PSoC Creator\4.4\PSoC Creator\psoc\content\CyComponentLibrary\CyComponentLibrary.cylib\CapSense_CSD_v3_50\Library\CapSenseLibrary_GCC.a(CapSense_CSD_SmartSense_v3_50.o)
                0x000011a0                SMS_LIB_V3_50_CallibrateSensor1Ch
 .text.SMS_LIB_V3_50_AutoTuneSensor1Ch
                0x00001224       0x9c C:\Program Files (x86)\Cypress\PSoC Creator\4.4\PSoC Creator\psoc\content\CyComponentLibrary\CyComponentLibrary.cylib\CapSense_CSD_v3_50\Library\CapSenseLibrary_GCC.a(CapSense_CSD_SmartSense_v3_50.o)
                0x00001224                SMS_LIB_V3_50_AutoTuneSensor1Ch
 .text.SMS_LIB_V3_50_MeasureNoiseEnvelope
                0x000012c0       0x94 C:\Program Files (x86)\Cypress\PSoC Creator\4.4\PSoC Creator\psoc\content\CyComponentLibrary\CyComponentLibrary.cylib\CapSense_CSD_v3_50\Library\CapSenseLibrary_GCC.a(CapSense_CSD_SmartSense_v3_50.o)
                0x000012c0                SMS_LIB_V3_50_MeasureNoiseEnvelope
 .text.SMS_LIB_V3_50_CalculateThresholds
                0x00001354       0xc4 C:\Program Files (x86)\Cypress\PSoC Creator\4.4\PSoC Creator\psoc\content\CyComponentLibrary\CyComponentLibrary.cylib\CapSense_CSD_v3_50\Library\CapSenseLibrary_GCC.a(CapSense_CSD_SmartSense_v3_50.o)
                0x00001354                SMS_LIB_V3_50_CalculateThresholds
 .text.SMS_LIB_V3_50_Sensors2WidgetResolutionTransform
                0x00001418       0xa8 C:\Program Files (x86)\Cypress\PSoC Creator\4.4\PSoC Creator\psoc\content\CyComponentLibrary\CyComponentLibrary.cylib\CapSense_CSD_v3_50\Library\CapSenseLibrary_GCC.a(CapSense_CSD_SmartSense_v3_50.o)
                0x00001418                SMS_LIB_V3_50_Sensors2WidgetResolutionTransform
 .text.SMS_LIB_V3_50_AutoTune1Ch
                0x000014c0       0x88 C:\Program Files (x86)\Cypress\PSoC Creator\4.4\PSoC Creator\psoc\content\CyComponentLibrary\CyComponentLibrary.cylib\CapSense_CSD_v3_50\Library\CapSenseLibrary_GCC.a(CapSense_CSD_SmartSense_v3_50.o)
                0x000014c0                SMS_LIB_V3_50_AutoTune1Ch
 .text          0x00001548       0x24 c:/program files (x86)/cypress/psoc creator/4.4/psoc creator/import/gnu/arm/5.4.1/bin/../lib/gcc/arm-none-eabi/5.4.1/armv7-m\libgcc.a(_udivsi3.o)
                0x00001548                __aeabi_uidiv
                0x00001548                __udivsi3
                0x0000155c                __aeabi_uidivmod
 .text          0x0000156c        0x4 c:/program files (x86)/cypress/psoc creator/4.4/psoc creator/import/gnu/arm/5.4.1/bin/../lib/gcc/arm-none-eabi/5.4.1/armv7-m\libgcc.a(_dvmd_tls.o)
                0x0000156c                __aeabi_idiv0
                0x0000156c                __aeabi_ldiv0
 .text.__errno  0x00001570        0xc c:/program files (x86)/cypress/psoc creator/4.4/psoc creator/import/gnu/arm/5.4.1/bin/../lib/gcc/arm-none-eabi/5.4.1/../../../../arm-none-eabi/lib/armv7-m\libg_nano.a(lib_a-errno.o)
                0x00001570                __errno
 .text.__libc_init_array
                0x0000157c       0x4c c:/program files (x86)/cypress/psoc creator/4.4/psoc creator/import/gnu/arm/5.4.1/bin/../lib/gcc/arm-none-eabi/5.4.1/../../../../arm-none-eabi/lib/armv7-m\libg_nano.a(lib_a-init.o)
                0x0000157c                __libc_init_array
 .text.memcpy   0x000015c8       0x16 c:/program files (x86)/cypress/psoc creator/4.4/psoc creator/import/gnu/arm/5.4.1/bin/../lib/gcc/arm-none-eabi/5.4.1/../../../../arm-none-eabi/lib/armv7-m\libg_nano.a(lib_a-memcpy-stub.o)
                0x000015c8                memcpy
 .text.memset   0x000015de       0x10 c:/program files (x86)/cypress/psoc creator/4.4/psoc creator/import/gnu/arm/5.4.1/bin/../lib/gcc/arm-none-eabi/5.4.1/../../../../arm-none-eabi/lib/armv7-m\libg_nano.a(lib_a-memset.o)
                0x000015de                memset
 *fill*         0x000015ee        0x2 
 .text.rand     0x000015f0       0x74 c:/program files (x86)/cypress/psoc creator/4.4/psoc creator/import/gnu/arm/5.4.1/bin/../lib/gcc/arm-none-eabi/5.4.1/../../../../arm-none-eabi/lib/armv7-m\libg_nano.a(lib_a-rand.o)
                0x000015f0                rand
 .text.malloc   0x00001664       0x10 c:/program files (x86)/cypress/psoc creator/4.4/psoc creator/import/gnu/arm/5.4.1/bin/../lib/gcc/arm-none-eabi/5.4.1/../../../../arm-none-eabi/lib/armv7-m\libg_nano.a(lib_a-malloc.o)
                0x00001664                malloc
 .text._malloc_r
                0x00001674       0xbc c:/program files (x86)/cypress/psoc creator/4.4/psoc creator/import/gnu/arm/5.4.1/bin/../lib/gcc/arm-none-eabi/5.4.1/../../../../arm-none-eabi/lib/armv7-m\libg_nano.a(lib_a-nano-mallocr.o)
                0x00001674                _malloc_r
 .text._sbrk_r  0x00001730       0x20 c:/program files (x86)/cypress/psoc creator/4.4/psoc creator/import/gnu/arm/5.4.1/bin/../lib/gcc/arm-none-eabi/5.4.1/../../../../arm-none-eabi/lib/armv7-m\libg_nano.a(lib_a-sbrkr.o)
                0x00001730                _sbrk_r
 .text.__malloc_lock
                0x00001750        0x2 c:/program files (x86)/cypress/psoc creator/4.4/psoc creator/import/gnu/arm/5.4.1/bin/../lib/gcc/arm-none-eabi/5.4.1/../../../../arm-none-eabi/lib/armv7-m\libg_nano.a(lib_a-mlock.o)
                0x00001750                __malloc_lock
 .text.__malloc_unlock
                0x00001752        0x2 c:/program files (x86)/cypress/psoc creator/4.4/psoc creator/import/gnu/arm/5.4.1/bin/../lib/gcc/arm-none-eabi/5.4.1/../../../../arm-none-eabi/lib/armv7-m\libg_nano.a(lib_a-mlock.o)
                0x00001752                __malloc_unlock
 *(.plt)
 *(.gnu.warning)
 *(.glue_7t)
 .glue_7t       0x00001754        0x0 linker stubs
 *(.glue_7)
 .glue_7        0x00001754        0x0 linker stubs
 *(.vfp11_veneer)
 .vfp11_veneer  0x00001754        0x0 linker stubs
 *(.bootloader)
 *(.ARM.extab* .gnu.linkonce.armextab.*)
 *(.gcc_except_table)

.v4_bx          0x00001754        0x0
 .v4_bx         0x00001754        0x0 linker stubs

.iplt           0x00001754        0x0
 .iplt          0x00001754        0x0 c:/program files (x86)/cypress/psoc creator/4.4/psoc creator/import/gnu/arm/5.4.1/bin/../lib/gcc/arm-none-eabi/5.4.1/armv7-m/crtbegin.o

.eh_frame_hdr
 *(.eh_frame_hdr)

.eh_frame       0x00001754        0x4
 *(.eh_frame)
 .eh_frame      0x00001754        0x0 c:/program files (x86)/cypress/psoc creator/4.4/psoc creator/import/gnu/arm/5.4.1/bin/../lib/gcc/arm-none-eabi/5.4.1/armv7-m/crtbegin.o
 .eh_frame      0x00001754        0x4 c:/program files (x86)/cypress/psoc creator/4.4/psoc creator/import/gnu/arm/5.4.1/bin/../lib/gcc/arm-none-eabi/5.4.1/armv7-m/crtend.o
                [!provide]                PROVIDE (__exidx_start, .)

.ARM.exidx
 *(.ARM.exidx* .gnu.linkonce.armexidx.*)
                0x00001758                __exidx_end = .

.rodata         0x00001758      0x108
 *(.rodata .rodata.* .gnu.linkonce.r.*)
 .rodata.str1.4
                0x00001758       0x1c .\CortexM3\ARM_GCC_541\Debug\main.o
                                 0x1b (size before relaxing)
 .rodata        0x00001774       0x52 .\CortexM3\ARM_GCC_541\Debug\cyfitter_cfg.o
                0x00001774                CapSense_AMuxCH0__addrTable
                0x00001788                CapSense_AMuxCH0__maskTable
 *fill*         0x000017c6        0x2 
 .rodata        0x000017c8       0x32 .\CortexM3\ARM_GCC_541\Debug\endSemProject.a(CapSense.o)
                0x000017c8                CapSense_portTable
                0x000017cc                CapSense_maskTable
                0x000017d0                CapSense_pcTable
                0x000017d8                CapSense_csTable
                0x000017f8                CapSense_widgetNumber
 *fill*         0x000017fa        0x2 
 .rodata        0x000017fc        0x6 .\CortexM3\ARM_GCC_541\Debug\endSemProject.a(CapSense_CSHL.o)
                0x000017fc                CapSense_rawDataIndex
                0x00001800                CapSense_numberOfSensors
 *fill*         0x00001802        0x2 
 .rodata        0x00001804       0x22 .\CortexM3\ARM_GCC_541\Debug\endSemProject.a(CapSense_SMS_Wrapper.o)
                0x00001804                SMS_LIB_PrescalerTbl
                0x00001824                SMS_LIB_SensorSensitivity
 .rodata.str1.1
                0x00001826        0x2 c:/program files (x86)/cypress/psoc creator/4.4/psoc creator/import/gnu/arm/5.4.1/bin/../lib/gcc/arm-none-eabi/5.4.1/../../../../arm-none-eabi/lib/armv7-m\libg_nano.a(lib_a-impure.o)
                0x00001828                . = ALIGN (0x4)
 *(.init)
 .init          0x00001828        0x4 c:/program files (x86)/cypress/psoc creator/4.4/psoc creator/import/gnu/arm/5.4.1/bin/../lib/gcc/arm-none-eabi/5.4.1/armv7-m/crti.o
                0x00001828                _init
 .init          0x0000182c        0x8 c:/program files (x86)/cypress/psoc creator/4.4/psoc creator/import/gnu/arm/5.4.1/bin/../lib/gcc/arm-none-eabi/5.4.1/armv7-m/crtn.o
                0x00001834                . = ALIGN (0x4)
                0x00001834                __preinit_array_start = .
 *(.preinit_array)
                0x00001834                __preinit_array_end = .
                0x00001834                . = ALIGN (0x4)
                0x00001834                __init_array_start = .
 *(SORT(.init_array.*))
 *(.init_array)
 .init_array    0x00001834        0x4 c:/program files (x86)/cypress/psoc creator/4.4/psoc creator/import/gnu/arm/5.4.1/bin/../lib/gcc/arm-none-eabi/5.4.1/armv7-m/crtbegin.o
 .init_array    0x00001838        0x4 .\CortexM3\ARM_GCC_541\Debug\Cm3Start.o
                0x0000183c                __init_array_end = .
                0x0000183c                . = ALIGN (0x4)
 *(.fini)
 .fini          0x0000183c        0x4 c:/program files (x86)/cypress/psoc creator/4.4/psoc creator/import/gnu/arm/5.4.1/bin/../lib/gcc/arm-none-eabi/5.4.1/armv7-m/crti.o
                0x0000183c                _fini
 .fini          0x00001840        0x8 c:/program files (x86)/cypress/psoc creator/4.4/psoc creator/import/gnu/arm/5.4.1/bin/../lib/gcc/arm-none-eabi/5.4.1/armv7-m/crtn.o
                0x00001848                . = ALIGN (0x4)
                0x00001848                __fini_array_start = .
 *(.fini_array)
 .fini_array    0x00001848        0x4 c:/program files (x86)/cypress/psoc creator/4.4/psoc creator/import/gnu/arm/5.4.1/bin/../lib/gcc/arm-none-eabi/5.4.1/armv7-m/crtbegin.o
 *(SORT(.fini_array.*))
                0x0000184c                __fini_array_end = .
                0x0000184c                . = ALIGN (0x4)
 *crtbegin.o(.ctors)
 *(EXCLUDE_FILE(*crtend.o) .ctors)
 *(SORT(.ctors.*))
 *crtend.o(.ctors)
                0x0000184c                . = ALIGN (0x4)
 *crtbegin.o(.dtors)
 *(EXCLUDE_FILE(*crtend.o) .dtors)
 *(SORT(.dtors.*))
 *crtend.o(.dtors)
                0x0000184c                . = ALIGN (0x4)
                0x0000184c                __cy_regions = .
                0x0000184c        0x4 LONG 0x1860 __cy_region_init_ram
                0x00001850        0x4 LONG 0x1fff80c8 __cy_region_start_data
                0x00001854        0x4 LONG 0xd0 __cy_region_init_size_ram
                0x00001858        0x4 LONG 0x70 __cy_region_zero_size_ram
                0x0000185c                __cy_regions_end = .
                0x00001860                . = ALIGN (0x8)
 *fill*         0x0000185c        0x4 
                0x00001860                _etext = .

.cy_checksum_exclude
                0x00001860        0x0
 *(.cy_checksum_exclude)

.ramvectors     0x1fff8000       0xc0
                0x1fff8000                __cy_region_start_ram = .
 *(.ramvectors)
 .ramvectors    0x1fff8000       0xc0 .\CortexM3\ARM_GCC_541\Debug\Cm3Start.o
                0x1fff8000                CyRamVectors

.noinit         0x1fff80c0        0x1
 *(.noinit)
 .noinit        0x1fff80c0        0x1 .\CortexM3\ARM_GCC_541\Debug\endSemProject.a(CyLib.o)
                0x1fff80c0                CyResetStatus

.data           0x1fff80c8       0xd0 load address 0x00001860
                0x1fff80c8                __cy_region_start_data = .
 *(.jcr)
 .jcr           0x1fff80c8        0x0 c:/program files (x86)/cypress/psoc creator/4.4/psoc creator/import/gnu/arm/5.4.1/bin/../lib/gcc/arm-none-eabi/5.4.1/armv7-m/crtbegin.o
 .jcr           0x1fff80c8        0x4 c:/program files (x86)/cypress/psoc creator/4.4/psoc creator/import/gnu/arm/5.4.1/bin/../lib/gcc/arm-none-eabi/5.4.1/armv7-m/crtend.o
 *(.got.plt)
 *(.got)
 *(.shdata)
 *(.data .data.* .gnu.linkonce.d.*)
 .data          0x1fff80cc        0x4 .\CortexM3\ARM_GCC_541\Debug\Cm3Start.o
 .data          0x1fff80d0       0x10 .\CortexM3\ARM_GCC_541\Debug\endSemProject.a(CyLib.o)
                0x1fff80d0                cydelay_32k_ms
                0x1fff80d4                cydelay_freq_khz
                0x1fff80d8                cydelay_freq_mhz
                0x1fff80dc                cydelay_freq_hz
 .data          0x1fff80e0        0xb .\CortexM3\ARM_GCC_541\Debug\endSemProject.a(CapSense.o)
                0x1fff80e0                CapSense_sensorEnableMask
                0x1fff80e4                CapSense_idacSettings
                0x1fff80e8                CapSense_widgetResolution
                0x1fff80ea                CapSense_lowLevelTuningDone
 *fill*         0x1fff80eb        0x1 
 .data          0x1fff80ec        0xe .\CortexM3\ARM_GCC_541\Debug\endSemProject.a(CapSense_CSHL.o)
                0x1fff80ec                CapSense_debounce
                0x1fff80f0                CapSense_fingerThreshold
                0x1fff80f4                CapSense_hysteresis
                0x1fff80f8                CapSense_noiseThreshold
 *fill*         0x1fff80fa        0x2 
 .data          0x1fff80fc       0x34 .\CortexM3\ARM_GCC_541\Debug\endSemProject.a(CapSense_SMS_Wrapper.o)
                0x1fff80fc                SMS_LIB_EndOfWidgInd
                0x1fff80fd                SMS_LIB_TotalScanSlCnt
                0x1fff80fe                SMS_LIB_TotalSnsCnt
                0x1fff8100                SMS_LIB_Var2
                0x1fff8102                SMS_LIB_Var1
                0x1fff8104                SMS_LIB_SensorBaseline
                0x1fff8108                SMS_LIB_SensorRaw
                0x1fff810c                SMS_LIB_prescaler
                0x1fff8110                SMS_LIB_idacSettings
                0x1fff8114                SMS_LIB_fingerThreshold
                0x1fff8118                SMS_LIB_rawDataIndex
                0x1fff811c                SMS_LIB_numberOfSensors
                0x1fff8120                SMS_LIB_widgetNumber
                0x1fff8124                SMS_LIB_widgetResolution
                0x1fff8128                SMS_LIB_hysteresis
                0x1fff812c                SMS_LIB_noiseThreshold
 .data.impure_data
                0x1fff8130       0x60 c:/program files (x86)/cypress/psoc creator/4.4/psoc creator/import/gnu/arm/5.4.1/bin/../lib/gcc/arm-none-eabi/5.4.1/../../../../arm-none-eabi/lib/armv7-m\libg_nano.a(lib_a-impure.o)
 .data._impure_ptr
                0x1fff8190        0x4 c:/program files (x86)/cypress/psoc creator/4.4/psoc creator/import/gnu/arm/5.4.1/bin/../lib/gcc/arm-none-eabi/5.4.1/../../../../arm-none-eabi/lib/armv7-m\libg_nano.a(lib_a-impure.o)
                0x1fff8190                _impure_ptr
                0x1fff8198                . = ALIGN (0x8)
 *fill*         0x1fff8194        0x4 
 *(.ram)
                0x1fff8198                _edata = .

.igot.plt       0x1fff8198        0x0 load address 0x00001930
 .igot.plt      0x1fff8198        0x0 c:/program files (x86)/cypress/psoc creator/4.4/psoc creator/import/gnu/arm/5.4.1/bin/../lib/gcc/arm-none-eabi/5.4.1/armv7-m/crtbegin.o

.bss            0x1fff8198       0x70 load address 0x00001930
                0x1fff8198                PROVIDE (__bss_start__, .)
 *(.shbss)
 *(.bss .bss.* .gnu.linkonce.b.*)
 .bss           0x1fff8198       0x1c c:/program files (x86)/cypress/psoc creator/4.4/psoc creator/import/gnu/arm/5.4.1/bin/../lib/gcc/arm-none-eabi/5.4.1/armv7-m/crtbegin.o
 .bss           0x1fff81b4        0x2 .\CortexM3\ARM_GCC_541\Debug\endSemProject.a(LCD.o)
                0x1fff81b4                LCD_enableState
                0x1fff81b5                LCD_initVar
 .bss           0x1fff81b6        0x1 .\CortexM3\ARM_GCC_541\Debug\endSemProject.a(CapSense.o)
 *fill*         0x1fff81b7        0x1 
 .bss           0x1fff81b8        0x3 .\CortexM3\ARM_GCC_541\Debug\endSemProject.a(CapSense_CSHL.o)
                0x1fff81b8                CapSense_debounceCounter
 *fill*         0x1fff81bb        0x1 
 .bss.__malloc_sbrk_start
                0x1fff81bc        0x4 c:/program files (x86)/cypress/psoc creator/4.4/psoc creator/import/gnu/arm/5.4.1/bin/../lib/gcc/arm-none-eabi/5.4.1/../../../../arm-none-eabi/lib/armv7-m\libg_nano.a(lib_a-nano-mallocr.o)
                0x1fff81bc                __malloc_sbrk_start
 .bss.__malloc_free_list
                0x1fff81c0        0x4 c:/program files (x86)/cypress/psoc creator/4.4/psoc creator/import/gnu/arm/5.4.1/bin/../lib/gcc/arm-none-eabi/5.4.1/../../../../arm-none-eabi/lib/armv7-m\libg_nano.a(lib_a-nano-mallocr.o)
                0x1fff81c0                __malloc_free_list
 *(COMMON)
 COMMON         0x1fff81c4        0x8 .\CortexM3\ARM_GCC_541\Debug\endSemProject.a(CapSense.o)
                0x1fff81c4                CapSense_sensorRaw
                0x1fff81c8                CapSense_analogSwitchDivider
                0x1fff81ca                CapSense_sensorIndex
                0x1fff81cb                CapSense_csv
 COMMON         0x1fff81cc       0x15 .\CortexM3\ARM_GCC_541\Debug\endSemProject.a(CapSense_CSHL.o)
                0x1fff81cc                CapSense_lowBaselineResetCnt
                0x1fff81d0                CapSense_sensorBaselineLow
                0x1fff81d4                CapSense_sensorSignal
                0x1fff81d8                CapSense_sensorBaseline
                0x1fff81dc                CapSense_rawFilterData1
                0x1fff81e0                CapSense_sensorOnMask
 *fill*         0x1fff81e1        0x3 
 COMMON         0x1fff81e4       0x1e .\CortexM3\ARM_GCC_541\Debug\endSemProject.a(CapSense_SMS_Wrapper.o)
                0x1fff81e4                SMS_LIB_Table4
                0x1fff81e8                SMS_LIB_Table7
                0x1fff81ec                SMS_LIB_Table8
                0x1fff81f0                SMS_LIB_Table2
                0x1fff81f4                SMS_LIB_Table5
                0x1fff81f8                SMS_LIB_Table9
                0x1fff81fc                SMS_LIB_Table6
                0x1fff8200                SMS_LIB_Table3
 *fill*         0x1fff8202        0x2 
 COMMON         0x1fff8204        0x4 c:/program files (x86)/cypress/psoc creator/4.4/psoc creator/import/gnu/arm/5.4.1/bin/../lib/gcc/arm-none-eabi/5.4.1/../../../../arm-none-eabi/lib/armv7-m\libg_nano.a(lib_a-reent.o)
                0x1fff8204                errno
                0x1fff8208                . = ALIGN (0x8)
 *(.ram.b)
                0x1fff8208                _end = .
                0x1fff8208                __end = .
                0x1fff8208                PROVIDE (end, .)
                0x1fff8208                PROVIDE (__bss_end__, .)
                0x00001860                __cy_region_init_ram = LOADADDR (.data)
                0x000000d0                __cy_region_init_size_ram = (_edata - ADDR (.data))
                0x00000070                __cy_region_zero_size_ram = (_end - _edata)

.heap           0x1fff8208       0x80 load address 0x00001930
                0x1fff8208                . = _end
                0x1fff8288                . = (. + 0x80)
 *fill*         0x1fff8208       0x80 
                0x1fff8288                __cy_heap_limit = .

.stack          0x20007800      0x800
                0x20007800                __cy_stack_limit = .
                0x20008000                . = (. + 0x800)
 *fill*         0x20007800      0x800 
                0x00000001                ASSERT ((__cy_stack_limit >= __cy_heap_limit), region RAM overflowed with stack)
                0x00000000                cy_checksum_exclude_size = (CY_APPL_LOADABLE == 0x1)?SIZEOF (.cy_checksum_exclude):0x0
                0x00000001                ASSERT ((cy_checksum_exclude_size <= CY_CHECKSUM_EXCLUDE_SIZE), CY_BOOT: Section .cy_checksum_exclude size exceedes specified limit.)

.cyloadermeta
 *(.cyloadermeta)

.cyloadablemeta
 *(.cyloadablemeta)

.cyconfigecc    0x80000000      0x340
 *(.cyconfigecc)
 .cyconfigecc   0x80000000      0x340 .\CortexM3\ARM_GCC_541\Debug\cymetadata.o
                0x80000000                cy_meta_configecc

.cycustnvl      0x90000000        0x4
 *(.cycustnvl)
 .cycustnvl     0x90000000        0x4 .\CortexM3\ARM_GCC_541\Debug\cymetadata.o
                0x90000000                cy_meta_custnvl

.cywolatch      0x90100000        0x4
 *(.cywolatch)
 .cywolatch     0x90100000        0x4 .\CortexM3\ARM_GCC_541\Debug\cymetadata.o
                0x90100000                cy_meta_wonvl

.cyeeprom       0x90200000        0x0
 *(.cyeeprom)
                0x00000001                ASSERT ((. <= ((0x90200000 + ee_offset) + ee_size)), .cyeeprom data will not fit in EEPROM)

.cyflashprotect
                0x90400000      0x100
 *(.cyflashprotect)
 .cyflashprotect
                0x90400000      0x100 .\CortexM3\ARM_GCC_541\Debug\cymetadata.o
                0x90400000                cy_meta_flashprotect

.cymeta         0x90500000        0xc
 *(.cymeta)
 .cymeta        0x90500000        0xc .\CortexM3\ARM_GCC_541\Debug\cymetadata.o
                0x90500000                cy_metadata

.rel.dyn        0x00001930        0x0 load address 0x9050000c
 .rel.iplt      0x00001930        0x0 c:/program files (x86)/cypress/psoc creator/4.4/psoc creator/import/gnu/arm/5.4.1/bin/../lib/gcc/arm-none-eabi/5.4.1/armv7-m/crtbegin.o

.stab
 *(.stab)

.stabstr
 *(.stabstr)

.debug
 *(.debug)

.line
 *(.line)

.debug_srcinfo
 *(.debug_srcinfo)

.debug_sfnames
 *(.debug_sfnames)

.debug_aranges  0x00000000      0x9d8
 *(.debug_aranges)
 .debug_aranges
                0x00000000       0x28 .\CortexM3\ARM_GCC_541\Debug\main.o
 .debug_aranges
                0x00000028       0x68 .\CortexM3\ARM_GCC_541\Debug\cyfitter_cfg.o
 .debug_aranges
                0x00000090       0x18 .\CortexM3\ARM_GCC_541\Debug\cymetadata.o
 .debug_aranges
                0x000000a8       0x48 .\CortexM3\ARM_GCC_541\Debug\Cm3Start.o
 .debug_aranges
                0x000000f0       0x38 .\CortexM3\ARM_GCC_541\Debug\endSemProject.a(LED1.o)
 .debug_aranges
                0x00000128       0x38 .\CortexM3\ARM_GCC_541\Debug\endSemProject.a(LED2.o)
 .debug_aranges
                0x00000160       0x98 .\CortexM3\ARM_GCC_541\Debug\endSemProject.a(LCD.o)
 .debug_aranges
                0x000001f8      0x2a0 .\CortexM3\ARM_GCC_541\Debug\endSemProject.a(CyLib.o)
 .debug_aranges
                0x00000498       0x98 .\CortexM3\ARM_GCC_541\Debug\endSemProject.a(cyPm.o)
 .debug_aranges
                0x00000530       0xb0 .\CortexM3\ARM_GCC_541\Debug\endSemProject.a(CapSense.o)
 .debug_aranges
                0x000005e0       0x78 .\CortexM3\ARM_GCC_541\Debug\endSemProject.a(CapSense_CSHL.o)
 .debug_aranges
                0x00000658       0x20 .\CortexM3\ARM_GCC_541\Debug\endSemProject.a(CapSense_INT.o)
 .debug_aranges
                0x00000678       0x50 .\CortexM3\ARM_GCC_541\Debug\endSemProject.a(CapSense_SMS_Wrapper.o)
 .debug_aranges
                0x000006c8       0x70 .\CortexM3\ARM_GCC_541\Debug\endSemProject.a(CapSense_CompCH0.o)
 .debug_aranges
                0x00000738       0x60 .\CortexM3\ARM_GCC_541\Debug\endSemProject.a(CapSense_IdacCH0.o)
 .debug_aranges
                0x00000798       0x48 .\CortexM3\ARM_GCC_541\Debug\endSemProject.a(CapSense_AMuxCH0.o)
 .debug_aranges
                0x000007e0       0x70 .\CortexM3\ARM_GCC_541\Debug\endSemProject.a(CapSense_IntClock.o)
 .debug_aranges
                0x00000850       0x20 .\CortexM3\ARM_GCC_541\Debug\endSemProject.a(CyBootAsmGnu.o)
 .debug_aranges
                0x00000870       0x88 .\CortexM3\ARM_GCC_541\Debug\endSemProject.a(CyFlash.o)
 .debug_aranges
                0x000008f8       0x80 .\CortexM3\ARM_GCC_541\Debug\endSemProject.a(CySpc.o)
 .debug_aranges
                0x00000978       0x60 C:\Program Files (x86)\Cypress\PSoC Creator\4.4\PSoC Creator\psoc\content\CyComponentLibrary\CyComponentLibrary.cylib\CapSense_CSD_v3_50\Library\CapSenseLibrary_GCC.a(CapSense_CSD_SmartSense_v3_50.o)

.debug_pubnames
 *(.debug_pubnames)

.debug_info     0x00000000     0x68ca
 *(.debug_info .gnu.linkonce.wi.*)
 .debug_info    0x00000000      0x5cf .\CortexM3\ARM_GCC_541\Debug\main.o
 .debug_info    0x000005cf      0x5ac .\CortexM3\ARM_GCC_541\Debug\cyfitter_cfg.o
 .debug_info    0x00000b7b      0x135 .\CortexM3\ARM_GCC_541\Debug\cymetadata.o
 .debug_info    0x00000cb0      0x3bb .\CortexM3\ARM_GCC_541\Debug\Cm3Start.o
 .debug_info    0x0000106b      0x11f .\CortexM3\ARM_GCC_541\Debug\endSemProject.a(LED1.o)
 .debug_info    0x0000118a      0x11f .\CortexM3\ARM_GCC_541\Debug\endSemProject.a(LED2.o)
 .debug_info    0x000012a9      0x715 .\CortexM3\ARM_GCC_541\Debug\endSemProject.a(LCD.o)
 .debug_info    0x000019be     0x1374 .\CortexM3\ARM_GCC_541\Debug\endSemProject.a(CyLib.o)
 .debug_info    0x00002d32      0xa2a .\CortexM3\ARM_GCC_541\Debug\endSemProject.a(cyPm.o)
 .debug_info    0x0000375c      0x83f .\CortexM3\ARM_GCC_541\Debug\endSemProject.a(CapSense.o)
 .debug_info    0x00003f9b      0x6ad .\CortexM3\ARM_GCC_541\Debug\endSemProject.a(CapSense_CSHL.o)
 .debug_info    0x00004648      0x10d .\CortexM3\ARM_GCC_541\Debug\endSemProject.a(CapSense_INT.o)
 .debug_info    0x00004755      0x4b3 .\CortexM3\ARM_GCC_541\Debug\endSemProject.a(CapSense_SMS_Wrapper.o)
 .debug_info    0x00004c08      0x2c8 .\CortexM3\ARM_GCC_541\Debug\endSemProject.a(CapSense_CompCH0.o)
 .debug_info    0x00004ed0      0x209 .\CortexM3\ARM_GCC_541\Debug\endSemProject.a(CapSense_IdacCH0.o)
 .debug_info    0x000050d9      0x1d3 .\CortexM3\ARM_GCC_541\Debug\endSemProject.a(CapSense_AMuxCH0.o)
 .debug_info    0x000052ac      0x283 .\CortexM3\ARM_GCC_541\Debug\endSemProject.a(CapSense_IntClock.o)
 .debug_info    0x0000552f       0x96 .\CortexM3\ARM_GCC_541\Debug\endSemProject.a(CyBootAsmGnu.o)
 .debug_info    0x000055c5      0x64d .\CortexM3\ARM_GCC_541\Debug\endSemProject.a(CyFlash.o)
 .debug_info    0x00005c12      0x550 .\CortexM3\ARM_GCC_541\Debug\endSemProject.a(CySpc.o)
 .debug_info    0x00006162      0x768 C:\Program Files (x86)\Cypress\PSoC Creator\4.4\PSoC Creator\psoc\content\CyComponentLibrary\CyComponentLibrary.cylib\CapSense_CSD_v3_50\Library\CapSenseLibrary_GCC.a(CapSense_CSD_SmartSense_v3_50.o)

.debug_abbrev   0x00000000     0x1af6
 *(.debug_abbrev)
 .debug_abbrev  0x00000000      0x17f .\CortexM3\ARM_GCC_541\Debug\main.o
 .debug_abbrev  0x0000017f      0x21e .\CortexM3\ARM_GCC_541\Debug\cyfitter_cfg.o
 .debug_abbrev  0x0000039d       0x66 .\CortexM3\ARM_GCC_541\Debug\cymetadata.o
 .debug_abbrev  0x00000403      0x1e8 .\CortexM3\ARM_GCC_541\Debug\Cm3Start.o
 .debug_abbrev  0x000005eb       0x90 .\CortexM3\ARM_GCC_541\Debug\endSemProject.a(LED1.o)
 .debug_abbrev  0x0000067b       0x90 .\CortexM3\ARM_GCC_541\Debug\endSemProject.a(LED2.o)
 .debug_abbrev  0x0000070b      0x157 .\CortexM3\ARM_GCC_541\Debug\endSemProject.a(LCD.o)
 .debug_abbrev  0x00000862      0x254 .\CortexM3\ARM_GCC_541\Debug\endSemProject.a(CyLib.o)
 .debug_abbrev  0x00000ab6      0x1ab .\CortexM3\ARM_GCC_541\Debug\endSemProject.a(cyPm.o)
 .debug_abbrev  0x00000c61      0x1a4 .\CortexM3\ARM_GCC_541\Debug\endSemProject.a(CapSense.o)
 .debug_abbrev  0x00000e05      0x1b4 .\CortexM3\ARM_GCC_541\Debug\endSemProject.a(CapSense_CSHL.o)
 .debug_abbrev  0x00000fb9       0x85 .\CortexM3\ARM_GCC_541\Debug\endSemProject.a(CapSense_INT.o)
 .debug_abbrev  0x0000103e      0x104 .\CortexM3\ARM_GCC_541\Debug\endSemProject.a(CapSense_SMS_Wrapper.o)
 .debug_abbrev  0x00001142      0x16e .\CortexM3\ARM_GCC_541\Debug\endSemProject.a(CapSense_CompCH0.o)
 .debug_abbrev  0x000012b0      0x106 .\CortexM3\ARM_GCC_541\Debug\endSemProject.a(CapSense_IdacCH0.o)
 .debug_abbrev  0x000013b6       0xb3 .\CortexM3\ARM_GCC_541\Debug\endSemProject.a(CapSense_AMuxCH0.o)
 .debug_abbrev  0x00001469      0x139 .\CortexM3\ARM_GCC_541\Debug\endSemProject.a(CapSense_IntClock.o)
 .debug_abbrev  0x000015a2       0x14 .\CortexM3\ARM_GCC_541\Debug\endSemProject.a(CyBootAsmGnu.o)
 .debug_abbrev  0x000015b6      0x1a7 .\CortexM3\ARM_GCC_541\Debug\endSemProject.a(CyFlash.o)
 .debug_abbrev  0x0000175d      0x194 .\CortexM3\ARM_GCC_541\Debug\endSemProject.a(CySpc.o)
 .debug_abbrev  0x000018f1      0x205 C:\Program Files (x86)\Cypress\PSoC Creator\4.4\PSoC Creator\psoc\content\CyComponentLibrary\CyComponentLibrary.cylib\CapSense_CSD_v3_50\Library\CapSenseLibrary_GCC.a(CapSense_CSD_SmartSense_v3_50.o)

.debug_line     0x00000000     0x2989
 *(.debug_line)
 .debug_line    0x00000000      0x292 .\CortexM3\ARM_GCC_541\Debug\main.o
 .debug_line    0x00000292      0x205 .\CortexM3\ARM_GCC_541\Debug\cyfitter_cfg.o
 .debug_line    0x00000497      0x141 .\CortexM3\ARM_GCC_541\Debug\cymetadata.o
 .debug_line    0x000005d8      0x234 .\CortexM3\ARM_GCC_541\Debug\Cm3Start.o
 .debug_line    0x0000080c       0x91 .\CortexM3\ARM_GCC_541\Debug\endSemProject.a(LED1.o)
 .debug_line    0x0000089d       0x91 .\CortexM3\ARM_GCC_541\Debug\endSemProject.a(LED2.o)
 .debug_line    0x0000092e      0x1dc .\CortexM3\ARM_GCC_541\Debug\endSemProject.a(LCD.o)
 .debug_line    0x00000b0a      0x816 .\CortexM3\ARM_GCC_541\Debug\endSemProject.a(CyLib.o)
 .debug_line    0x00001320      0x367 .\CortexM3\ARM_GCC_541\Debug\endSemProject.a(cyPm.o)
 .debug_line    0x00001687      0x2b9 .\CortexM3\ARM_GCC_541\Debug\endSemProject.a(CapSense.o)
 .debug_line    0x00001940      0x234 .\CortexM3\ARM_GCC_541\Debug\endSemProject.a(CapSense_CSHL.o)
 .debug_line    0x00001b74       0x79 .\CortexM3\ARM_GCC_541\Debug\endSemProject.a(CapSense_INT.o)
 .debug_line    0x00001bed       0xf4 .\CortexM3\ARM_GCC_541\Debug\endSemProject.a(CapSense_SMS_Wrapper.o)
 .debug_line    0x00001ce1      0x16f .\CortexM3\ARM_GCC_541\Debug\endSemProject.a(CapSense_CompCH0.o)
 .debug_line    0x00001e50      0x104 .\CortexM3\ARM_GCC_541\Debug\endSemProject.a(CapSense_IdacCH0.o)
 .debug_line    0x00001f54       0xe7 .\CortexM3\ARM_GCC_541\Debug\endSemProject.a(CapSense_AMuxCH0.o)
 .debug_line    0x0000203b      0x180 .\CortexM3\ARM_GCC_541\Debug\endSemProject.a(CapSense_IntClock.o)
 .debug_line    0x000021bb       0x66 .\CortexM3\ARM_GCC_541\Debug\endSemProject.a(CyBootAsmGnu.o)
 .debug_line    0x00002221      0x21a .\CortexM3\ARM_GCC_541\Debug\endSemProject.a(CyFlash.o)
 .debug_line    0x0000243b      0x260 .\CortexM3\ARM_GCC_541\Debug\endSemProject.a(CySpc.o)
 .debug_line    0x0000269b      0x2ee C:\Program Files (x86)\Cypress\PSoC Creator\4.4\PSoC Creator\psoc\content\CyComponentLibrary\CyComponentLibrary.cylib\CapSense_CSD_v3_50\Library\CapSenseLibrary_GCC.a(CapSense_CSD_SmartSense_v3_50.o)

.debug_frame    0x00000000     0x1c74
 *(.debug_frame)
 .debug_frame   0x00000000       0x5c .\CortexM3\ARM_GCC_541\Debug\main.o
 .debug_frame   0x0000005c      0x104 .\CortexM3\ARM_GCC_541\Debug\cyfitter_cfg.o
 .debug_frame   0x00000160       0xb8 .\CortexM3\ARM_GCC_541\Debug\Cm3Start.o
 .debug_frame   0x00000218       0x50 .\CortexM3\ARM_GCC_541\Debug\endSemProject.a(LED1.o)
 .debug_frame   0x00000268       0x50 .\CortexM3\ARM_GCC_541\Debug\endSemProject.a(LED2.o)
 .debug_frame   0x000002b8      0x1e8 .\CortexM3\ARM_GCC_541\Debug\endSemProject.a(LCD.o)
 .debug_frame   0x000004a0      0x738 .\CortexM3\ARM_GCC_541\Debug\endSemProject.a(CyLib.o)
 .debug_frame   0x00000bd8      0x1f8 .\CortexM3\ARM_GCC_541\Debug\endSemProject.a(cyPm.o)
 .debug_frame   0x00000dd0      0x1e0 .\CortexM3\ARM_GCC_541\Debug\endSemProject.a(CapSense.o)
 .debug_frame   0x00000fb0      0x178 .\CortexM3\ARM_GCC_541\Debug\endSemProject.a(CapSense_CSHL.o)
 .debug_frame   0x00001128       0x2c .\CortexM3\ARM_GCC_541\Debug\endSemProject.a(CapSense_INT.o)
 .debug_frame   0x00001154       0xc8 .\CortexM3\ARM_GCC_541\Debug\endSemProject.a(CapSense_SMS_Wrapper.o)
 .debug_frame   0x0000121c      0x108 .\CortexM3\ARM_GCC_541\Debug\endSemProject.a(CapSense_CompCH0.o)
 .debug_frame   0x00001324       0xd0 .\CortexM3\ARM_GCC_541\Debug\endSemProject.a(CapSense_IdacCH0.o)
 .debug_frame   0x000013f4       0xb8 .\CortexM3\ARM_GCC_541\Debug\endSemProject.a(CapSense_AMuxCH0.o)
 .debug_frame   0x000014ac       0xe0 .\CortexM3\ARM_GCC_541\Debug\endSemProject.a(CapSense_IntClock.o)
 .debug_frame   0x0000158c      0x194 .\CortexM3\ARM_GCC_541\Debug\endSemProject.a(CyFlash.o)
 .debug_frame   0x00001720      0x180 .\CortexM3\ARM_GCC_541\Debug\endSemProject.a(CySpc.o)
 .debug_frame   0x000018a0      0x168 C:\Program Files (x86)\Cypress\PSoC Creator\4.4\PSoC Creator\psoc\content\CyComponentLibrary\CyComponentLibrary.cylib\CapSense_CSD_v3_50\Library\CapSenseLibrary_GCC.a(CapSense_CSD_SmartSense_v3_50.o)
 .debug_frame   0x00001a08       0x20 c:/program files (x86)/cypress/psoc creator/4.4/psoc creator/import/gnu/arm/5.4.1/bin/../lib/gcc/arm-none-eabi/5.4.1/armv7-m\libgcc.a(_udivsi3.o)
 .debug_frame   0x00001a28       0x20 c:/program files (x86)/cypress/psoc creator/4.4/psoc creator/import/gnu/arm/5.4.1/bin/../lib/gcc/arm-none-eabi/5.4.1/../../../../arm-none-eabi/lib/armv7-m\libg_nano.a(lib_a-errno.o)
 .debug_frame   0x00001a48       0x28 c:/program files (x86)/cypress/psoc creator/4.4/psoc creator/import/gnu/arm/5.4.1/bin/../lib/gcc/arm-none-eabi/5.4.1/../../../../arm-none-eabi/lib/armv7-m\libg_nano.a(lib_a-exit.o)
 .debug_frame   0x00001a70       0x2c c:/program files (x86)/cypress/psoc creator/4.4/psoc creator/import/gnu/arm/5.4.1/bin/../lib/gcc/arm-none-eabi/5.4.1/../../../../arm-none-eabi/lib/armv7-m\libg_nano.a(lib_a-init.o)
 .debug_frame   0x00001a9c       0x28 c:/program files (x86)/cypress/psoc creator/4.4/psoc creator/import/gnu/arm/5.4.1/bin/../lib/gcc/arm-none-eabi/5.4.1/../../../../arm-none-eabi/lib/armv7-m\libg_nano.a(lib_a-memcpy-stub.o)
 .debug_frame   0x00001ac4       0x20 c:/program files (x86)/cypress/psoc creator/4.4/psoc creator/import/gnu/arm/5.4.1/bin/../lib/gcc/arm-none-eabi/5.4.1/../../../../arm-none-eabi/lib/armv7-m\libg_nano.a(lib_a-memset.o)
 .debug_frame   0x00001ae4       0x44 c:/program files (x86)/cypress/psoc creator/4.4/psoc creator/import/gnu/arm/5.4.1/bin/../lib/gcc/arm-none-eabi/5.4.1/../../../../arm-none-eabi/lib/armv7-m\libg_nano.a(lib_a-rand.o)
 .debug_frame   0x00001b28       0x30 c:/program files (x86)/cypress/psoc creator/4.4/psoc creator/import/gnu/arm/5.4.1/bin/../lib/gcc/arm-none-eabi/5.4.1/../../../../arm-none-eabi/lib/armv7-m\libg_nano.a(lib_a-malloc.o)
 .debug_frame   0x00001b58       0x38 c:/program files (x86)/cypress/psoc creator/4.4/psoc creator/import/gnu/arm/5.4.1/bin/../lib/gcc/arm-none-eabi/5.4.1/../../../../arm-none-eabi/lib/armv7-m\libg_nano.a(lib_a-nano-freer.o)
 .debug_frame   0x00001b90       0x2c c:/program files (x86)/cypress/psoc creator/4.4/psoc creator/import/gnu/arm/5.4.1/bin/../lib/gcc/arm-none-eabi/5.4.1/../../../../arm-none-eabi/lib/armv7-m\libg_nano.a(lib_a-nano-mallocr.o)
 .debug_frame   0x00001bbc       0x2c c:/program files (x86)/cypress/psoc creator/4.4/psoc creator/import/gnu/arm/5.4.1/bin/../lib/gcc/arm-none-eabi/5.4.1/../../../../arm-none-eabi/lib/armv7-m\libg_nano.a(lib_a-sbrkr.o)
 .debug_frame   0x00001be8       0x30 c:/program files (x86)/cypress/psoc creator/4.4/psoc creator/import/gnu/arm/5.4.1/bin/../lib/gcc/arm-none-eabi/5.4.1/../../../../arm-none-eabi/lib/armv7-m\libg_nano.a(lib_a-mlock.o)
 .debug_frame   0x00001c18       0x5c c:/program files (x86)/cypress/psoc creator/4.4/psoc creator/import/gnu/arm/5.4.1/bin/../lib/gcc/arm-none-eabi/5.4.1/../../../../arm-none-eabi/lib/armv7-m\libg_nano.a(lib_a-reent.o)

.debug_str      0x00000000     0x2782
 *(.debug_str)
 .debug_str     0x00000000      0x2bc .\CortexM3\ARM_GCC_541\Debug\main.o
                                0x304 (size before relaxing)
 .debug_str     0x000002bc      0x1ec .\CortexM3\ARM_GCC_541\Debug\cyfitter_cfg.o
                                0x387 (size before relaxing)
 .debug_str     0x000004a8       0x7f .\CortexM3\ARM_GCC_541\Debug\cymetadata.o
                                0x1ea (size before relaxing)
 .debug_str     0x00000527      0x13e .\CortexM3\ARM_GCC_541\Debug\Cm3Start.o
                                0x310 (size before relaxing)
 .debug_str     0x00000665       0x5b .\CortexM3\ARM_GCC_541\Debug\endSemProject.a(LED1.o)
                                0x1e3 (size before relaxing)
 .debug_str     0x000006c0       0x4b .\CortexM3\ARM_GCC_541\Debug\endSemProject.a(LED2.o)
                                0x1e3 (size before relaxing)
 .debug_str     0x0000070b      0x136 .\CortexM3\ARM_GCC_541\Debug\endSemProject.a(LCD.o)
                                0x331 (size before relaxing)
 .debug_str     0x00000841      0x82e .\CortexM3\ARM_GCC_541\Debug\endSemProject.a(CyLib.o)
                                0xa4d (size before relaxing)
 .debug_str     0x0000106f      0x365 .\CortexM3\ARM_GCC_541\Debug\endSemProject.a(cyPm.o)
                                0x739 (size before relaxing)
 .debug_str     0x000013d4      0x411 .\CortexM3\ARM_GCC_541\Debug\endSemProject.a(CapSense.o)
                                0x67a (size before relaxing)
 .debug_str     0x000017e5      0x2a6 .\CortexM3\ARM_GCC_541\Debug\endSemProject.a(CapSense_CSHL.o)
                                0x579 (size before relaxing)
 .debug_str     0x00001a8b       0x3a .\CortexM3\ARM_GCC_541\Debug\endSemProject.a(CapSense_INT.o)
                                0x21e (size before relaxing)
 .debug_str     0x00001ac5      0x320 .\CortexM3\ARM_GCC_541\Debug\endSemProject.a(CapSense_SMS_Wrapper.o)
                                0x62e (size before relaxing)
 .debug_str     0x00001de5      0x171 .\CortexM3\ARM_GCC_541\Debug\endSemProject.a(CapSense_CompCH0.o)
                                0x360 (size before relaxing)
 .debug_str     0x00001f56       0x9c .\CortexM3\ARM_GCC_541\Debug\endSemProject.a(CapSense_IdacCH0.o)
                                0x2b9 (size before relaxing)
 .debug_str     0x00001ff2       0xe5 .\CortexM3\ARM_GCC_541\Debug\endSemProject.a(CapSense_AMuxCH0.o)
                                0x2a1 (size before relaxing)
 .debug_str     0x000020d7      0x1ab .\CortexM3\ARM_GCC_541\Debug\endSemProject.a(CapSense_IntClock.o)
                                0x36c (size before relaxing)
 .debug_str     0x00002282      0x1bb .\CortexM3\ARM_GCC_541\Debug\endSemProject.a(CyFlash.o)
                                0x3c6 (size before relaxing)
 .debug_str     0x0000243d       0xac .\CortexM3\ARM_GCC_541\Debug\endSemProject.a(CySpc.o)
                                0x33e (size before relaxing)
 .debug_str     0x000024e9      0x299 C:\Program Files (x86)\Cypress\PSoC Creator\4.4\PSoC Creator\psoc\content\CyComponentLibrary\CyComponentLibrary.cylib\CapSense_CSD_v3_50\Library\CapSenseLibrary_GCC.a(CapSense_CSD_SmartSense_v3_50.o)
                                0x63b (size before relaxing)

.debug_loc      0x00000000     0x3294
 *(.debug_loc)
 .debug_loc     0x00000000      0x1ca .\CortexM3\ARM_GCC_541\Debug\main.o
 .debug_loc     0x000001ca      0x219 .\CortexM3\ARM_GCC_541\Debug\cyfitter_cfg.o
 .debug_loc     0x000003e3      0x144 .\CortexM3\ARM_GCC_541\Debug\Cm3Start.o
 .debug_loc     0x00000527       0x42 .\CortexM3\ARM_GCC_541\Debug\endSemProject.a(LED1.o)
 .debug_loc     0x00000569       0x42 .\CortexM3\ARM_GCC_541\Debug\endSemProject.a(LED2.o)
 .debug_loc     0x000005ab      0x3c6 .\CortexM3\ARM_GCC_541\Debug\endSemProject.a(LCD.o)
 .debug_loc     0x00000971      0xa11 .\CortexM3\ARM_GCC_541\Debug\endSemProject.a(CyLib.o)
 .debug_loc     0x00001382      0x1e4 .\CortexM3\ARM_GCC_541\Debug\endSemProject.a(cyPm.o)
 .debug_loc     0x00001566      0x24e .\CortexM3\ARM_GCC_541\Debug\endSemProject.a(CapSense.o)
 .debug_loc     0x000017b4      0x4bc .\CortexM3\ARM_GCC_541\Debug\endSemProject.a(CapSense_CSHL.o)
 .debug_loc     0x00001c70       0x63 .\CortexM3\ARM_GCC_541\Debug\endSemProject.a(CapSense_SMS_Wrapper.o)
 .debug_loc     0x00001cd3       0xed .\CortexM3\ARM_GCC_541\Debug\endSemProject.a(CapSense_CompCH0.o)
 .debug_loc     0x00001dc0       0x76 .\CortexM3\ARM_GCC_541\Debug\endSemProject.a(CapSense_IdacCH0.o)
 .debug_loc     0x00001e36       0x6c .\CortexM3\ARM_GCC_541\Debug\endSemProject.a(CapSense_AMuxCH0.o)
 .debug_loc     0x00001ea2      0x12c .\CortexM3\ARM_GCC_541\Debug\endSemProject.a(CapSense_IntClock.o)
 .debug_loc     0x00001fce      0x3b2 .\CortexM3\ARM_GCC_541\Debug\endSemProject.a(CyFlash.o)
 .debug_loc     0x00002380      0x705 .\CortexM3\ARM_GCC_541\Debug\endSemProject.a(CySpc.o)
 .debug_loc     0x00002a85      0x80f C:\Program Files (x86)\Cypress\PSoC Creator\4.4\PSoC Creator\psoc\content\CyComponentLibrary\CyComponentLibrary.cylib\CapSense_CSD_v3_50\Library\CapSenseLibrary_GCC.a(CapSense_CSD_SmartSense_v3_50.o)

.debug_macinfo
 *(.debug_macinfo)

.debug_ranges   0x00000000      0x8a0
 *(.debug_ranges)
 .debug_ranges  0x00000000       0x48 .\CortexM3\ARM_GCC_541\Debug\main.o
 .debug_ranges  0x00000048       0x58 .\CortexM3\ARM_GCC_541\Debug\cyfitter_cfg.o
 .debug_ranges  0x000000a0       0x38 .\CortexM3\ARM_GCC_541\Debug\Cm3Start.o
 .debug_ranges  0x000000d8       0x28 .\CortexM3\ARM_GCC_541\Debug\endSemProject.a(LED1.o)
 .debug_ranges  0x00000100       0x28 .\CortexM3\ARM_GCC_541\Debug\endSemProject.a(LED2.o)
 .debug_ranges  0x00000128       0x88 .\CortexM3\ARM_GCC_541\Debug\endSemProject.a(LCD.o)
 .debug_ranges  0x000001b0      0x290 .\CortexM3\ARM_GCC_541\Debug\endSemProject.a(CyLib.o)
 .debug_ranges  0x00000440       0x88 .\CortexM3\ARM_GCC_541\Debug\endSemProject.a(cyPm.o)
 .debug_ranges  0x000004c8       0xa0 .\CortexM3\ARM_GCC_541\Debug\endSemProject.a(CapSense.o)
 .debug_ranges  0x00000568       0x68 .\CortexM3\ARM_GCC_541\Debug\endSemProject.a(CapSense_CSHL.o)
 .debug_ranges  0x000005d0       0x10 .\CortexM3\ARM_GCC_541\Debug\endSemProject.a(CapSense_INT.o)
 .debug_ranges  0x000005e0       0x40 .\CortexM3\ARM_GCC_541\Debug\endSemProject.a(CapSense_SMS_Wrapper.o)
 .debug_ranges  0x00000620       0x60 .\CortexM3\ARM_GCC_541\Debug\endSemProject.a(CapSense_CompCH0.o)
 .debug_ranges  0x00000680       0x50 .\CortexM3\ARM_GCC_541\Debug\endSemProject.a(CapSense_IdacCH0.o)
 .debug_ranges  0x000006d0       0x38 .\CortexM3\ARM_GCC_541\Debug\endSemProject.a(CapSense_AMuxCH0.o)
 .debug_ranges  0x00000708       0x60 .\CortexM3\ARM_GCC_541\Debug\endSemProject.a(CapSense_IntClock.o)
 .debug_ranges  0x00000768       0x78 .\CortexM3\ARM_GCC_541\Debug\endSemProject.a(CyFlash.o)
 .debug_ranges  0x000007e0       0x70 .\CortexM3\ARM_GCC_541\Debug\endSemProject.a(CySpc.o)
 .debug_ranges  0x00000850       0x50 C:\Program Files (x86)\Cypress\PSoC Creator\4.4\PSoC Creator\psoc\content\CyComponentLibrary\CyComponentLibrary.cylib\CapSense_CSD_v3_50\Library\CapSenseLibrary_GCC.a(CapSense_CSD_SmartSense_v3_50.o)

.comment        0x00000000       0xde
 .comment       0x00000000       0x6e .\CortexM3\ARM_GCC_541\Debug\main.o
                                 0x6f (size before relaxing)
 .comment       0x0000006e       0x6f .\CortexM3\ARM_GCC_541\Debug\cyfitter_cfg.o
 .comment       0x0000006e       0x6f .\CortexM3\ARM_GCC_541\Debug\cymetadata.o
 .comment       0x0000006e       0x6f .\CortexM3\ARM_GCC_541\Debug\Cm3Start.o
 .comment       0x0000006e       0x6f .\CortexM3\ARM_GCC_541\Debug\endSemProject.a(LED1.o)
 .comment       0x0000006e       0x6f .\CortexM3\ARM_GCC_541\Debug\endSemProject.a(LED2.o)
 .comment       0x0000006e       0x6f .\CortexM3\ARM_GCC_541\Debug\endSemProject.a(LCD.o)
 .comment       0x0000006e       0x6f .\CortexM3\ARM_GCC_541\Debug\endSemProject.a(CyLib.o)
 .comment       0x0000006e       0x6f .\CortexM3\ARM_GCC_541\Debug\endSemProject.a(cyPm.o)
 .comment       0x0000006e       0x6f .\CortexM3\ARM_GCC_541\Debug\endSemProject.a(CapSense.o)
 .comment       0x0000006e       0x6f .\CortexM3\ARM_GCC_541\Debug\endSemProject.a(CapSense_CSHL.o)
 .comment       0x0000006e       0x6f .\CortexM3\ARM_GCC_541\Debug\endSemProject.a(CapSense_INT.o)
 .comment       0x0000006e       0x6f .\CortexM3\ARM_GCC_541\Debug\endSemProject.a(CapSense_SMS_Wrapper.o)
 .comment       0x0000006e       0x6f .\CortexM3\ARM_GCC_541\Debug\endSemProject.a(CapSense_CompCH0.o)
 .comment       0x0000006e       0x6f .\CortexM3\ARM_GCC_541\Debug\endSemProject.a(CapSense_IdacCH0.o)
 .comment       0x0000006e       0x6f .\CortexM3\ARM_GCC_541\Debug\endSemProject.a(CapSense_AMuxCH0.o)
 .comment       0x0000006e       0x6f .\CortexM3\ARM_GCC_541\Debug\endSemProject.a(CapSense_IntClock.o)
 .comment       0x0000006e       0x6f .\CortexM3\ARM_GCC_541\Debug\endSemProject.a(CyFlash.o)
 .comment       0x0000006e       0x6f .\CortexM3\ARM_GCC_541\Debug\endSemProject.a(CySpc.o)
 .comment       0x0000006e       0x70 C:\Program Files (x86)\Cypress\PSoC Creator\4.4\PSoC Creator\psoc\content\CyComponentLibrary\CyComponentLibrary.cylib\CapSense_CSD_v3_50\Library\CapSenseLibrary_GCC.a(CapSense_CSD_SmartSense_v3_50.o)
                                 0x71 (size before relaxing)

.debug_weaknames
 *(.debug_weaknames)

.debug_funcnames
 *(.debug_funcnames)

.debug_typenames
 *(.debug_typenames)

.debug_varnames
 *(.debug_varnames)

.note.gnu.arm.ident
 *(.note.gnu.arm.ident)

.ARM.attributes
                0x00000000       0x29
 *(.ARM.attributes)
 .ARM.attributes
                0x00000000       0x1d c:/program files (x86)/cypress/psoc creator/4.4/psoc creator/import/gnu/arm/5.4.1/bin/../lib/gcc/arm-none-eabi/5.4.1/armv7-m/crti.o
 .ARM.attributes
                0x0000001d       0x2d c:/program files (x86)/cypress/psoc creator/4.4/psoc creator/import/gnu/arm/5.4.1/bin/../lib/gcc/arm-none-eabi/5.4.1/armv7-m/crtbegin.o
 .ARM.attributes
                0x0000004a       0x1b c:/program files (x86)/cypress/psoc creator/4.4/psoc creator/import/gnu/arm/5.4.1/bin/../lib/gcc/arm-none-eabi/5.4.1/../../../../arm-none-eabi/lib/armv7-m/crt0.o
 .ARM.attributes
                0x00000065       0x33 .\CortexM3\ARM_GCC_541\Debug\main.o
 .ARM.attributes
                0x00000098       0x33 .\CortexM3\ARM_GCC_541\Debug\cyfitter_cfg.o
 .ARM.attributes
                0x000000cb       0x33 .\CortexM3\ARM_GCC_541\Debug\cymetadata.o
 .ARM.attributes
                0x000000fe       0x33 .\CortexM3\ARM_GCC_541\Debug\Cm3Start.o
 .ARM.attributes
                0x00000131       0x33 .\CortexM3\ARM_GCC_541\Debug\endSemProject.a(LED1.o)
 .ARM.attributes
                0x00000164       0x33 .\CortexM3\ARM_GCC_541\Debug\endSemProject.a(LED2.o)
 .ARM.attributes
                0x00000197       0x33 .\CortexM3\ARM_GCC_541\Debug\endSemProject.a(LCD.o)
 .ARM.attributes
                0x000001ca       0x33 .\CortexM3\ARM_GCC_541\Debug\endSemProject.a(CyLib.o)
 .ARM.attributes
                0x000001fd       0x33 .\CortexM3\ARM_GCC_541\Debug\endSemProject.a(cyPm.o)
 .ARM.attributes
                0x00000230       0x33 .\CortexM3\ARM_GCC_541\Debug\endSemProject.a(CapSense.o)
 .ARM.attributes
                0x00000263       0x33 .\CortexM3\ARM_GCC_541\Debug\endSemProject.a(CapSense_CSHL.o)
 .ARM.attributes
                0x00000296       0x33 .\CortexM3\ARM_GCC_541\Debug\endSemProject.a(CapSense_INT.o)
 .ARM.attributes
                0x000002c9       0x33 .\CortexM3\ARM_GCC_541\Debug\endSemProject.a(CapSense_SMS_Wrapper.o)
 .ARM.attributes
                0x000002fc       0x33 .\CortexM3\ARM_GCC_541\Debug\endSemProject.a(CapSense_CompCH0.o)
 .ARM.attributes
                0x0000032f       0x33 .\CortexM3\ARM_GCC_541\Debug\endSemProject.a(CapSense_IdacCH0.o)
 .ARM.attributes
                0x00000362       0x33 .\CortexM3\ARM_GCC_541\Debug\endSemProject.a(CapSense_AMuxCH0.o)
 .ARM.attributes
                0x00000395       0x33 .\CortexM3\ARM_GCC_541\Debug\endSemProject.a(CapSense_IntClock.o)
 .ARM.attributes
                0x000003c8       0x21 .\CortexM3\ARM_GCC_541\Debug\endSemProject.a(CyBootAsmGnu.o)
 .ARM.attributes
                0x000003e9       0x33 .\CortexM3\ARM_GCC_541\Debug\endSemProject.a(CyFlash.o)
 .ARM.attributes
                0x0000041c       0x33 .\CortexM3\ARM_GCC_541\Debug\endSemProject.a(CySpc.o)
 .ARM.attributes
                0x0000044f       0x31 C:\Program Files (x86)\Cypress\PSoC Creator\4.4\PSoC Creator\psoc\content\CyComponentLibrary\CyComponentLibrary.cylib\CapSense_CSD_v3_50\Library\CapSenseLibrary_GCC.a(CapSense_CSD_SmartSense_v3_50.o)
 .ARM.attributes
                0x00000480       0x1d c:/program files (x86)/cypress/psoc creator/4.4/psoc creator/import/gnu/arm/5.4.1/bin/../lib/gcc/arm-none-eabi/5.4.1/armv7-m\libgcc.a(_udivsi3.o)
 .ARM.attributes
                0x0000049d       0x1d c:/program files (x86)/cypress/psoc creator/4.4/psoc creator/import/gnu/arm/5.4.1/bin/../lib/gcc/arm-none-eabi/5.4.1/armv7-m\libgcc.a(_dvmd_tls.o)
 .ARM.attributes
                0x000004ba       0x2d c:/program files (x86)/cypress/psoc creator/4.4/psoc creator/import/gnu/arm/5.4.1/bin/../lib/gcc/arm-none-eabi/5.4.1/../../../../arm-none-eabi/lib/armv7-m\libg_nano.a(lib_a-errno.o)
 .ARM.attributes
                0x000004e7       0x2d c:/program files (x86)/cypress/psoc creator/4.4/psoc creator/import/gnu/arm/5.4.1/bin/../lib/gcc/arm-none-eabi/5.4.1/../../../../arm-none-eabi/lib/armv7-m\libg_nano.a(lib_a-exit.o)
 .ARM.attributes
                0x00000514       0x2d c:/program files (x86)/cypress/psoc creator/4.4/psoc creator/import/gnu/arm/5.4.1/bin/../lib/gcc/arm-none-eabi/5.4.1/../../../../arm-none-eabi/lib/armv7-m\libg_nano.a(lib_a-impure.o)
 .ARM.attributes
                0x00000541       0x2d c:/program files (x86)/cypress/psoc creator/4.4/psoc creator/import/gnu/arm/5.4.1/bin/../lib/gcc/arm-none-eabi/5.4.1/../../../../arm-none-eabi/lib/armv7-m\libg_nano.a(lib_a-init.o)
 .ARM.attributes
                0x0000056e       0x2d c:/program files (x86)/cypress/psoc creator/4.4/psoc creator/import/gnu/arm/5.4.1/bin/../lib/gcc/arm-none-eabi/5.4.1/../../../../arm-none-eabi/lib/armv7-m\libg_nano.a(lib_a-memcpy-stub.o)
 .ARM.attributes
                0x0000059b       0x2d c:/program files (x86)/cypress/psoc creator/4.4/psoc creator/import/gnu/arm/5.4.1/bin/../lib/gcc/arm-none-eabi/5.4.1/../../../../arm-none-eabi/lib/armv7-m\libg_nano.a(lib_a-memset.o)
 .ARM.attributes
                0x000005c8       0x2d c:/program files (x86)/cypress/psoc creator/4.4/psoc creator/import/gnu/arm/5.4.1/bin/../lib/gcc/arm-none-eabi/5.4.1/../../../../arm-none-eabi/lib/armv7-m\libg_nano.a(lib_a-rand.o)
 .ARM.attributes
                0x000005f5       0x2d c:/program files (x86)/cypress/psoc creator/4.4/psoc creator/import/gnu/arm/5.4.1/bin/../lib/gcc/arm-none-eabi/5.4.1/../../../../arm-none-eabi/lib/armv7-m\libg_nano.a(lib_a-malloc.o)
 .ARM.attributes
                0x00000622       0x2d c:/program files (x86)/cypress/psoc creator/4.4/psoc creator/import/gnu/arm/5.4.1/bin/../lib/gcc/arm-none-eabi/5.4.1/../../../../arm-none-eabi/lib/armv7-m\libg_nano.a(lib_a-nano-freer.o)
 .ARM.attributes
                0x0000064f       0x2d c:/program files (x86)/cypress/psoc creator/4.4/psoc creator/import/gnu/arm/5.4.1/bin/../lib/gcc/arm-none-eabi/5.4.1/../../../../arm-none-eabi/lib/armv7-m\libg_nano.a(lib_a-nano-mallocr.o)
 .ARM.attributes
                0x0000067c       0x2d c:/program files (x86)/cypress/psoc creator/4.4/psoc creator/import/gnu/arm/5.4.1/bin/../lib/gcc/arm-none-eabi/5.4.1/../../../../arm-none-eabi/lib/armv7-m\libg_nano.a(lib_a-sbrkr.o)
 .ARM.attributes
                0x000006a9       0x2d c:/program files (x86)/cypress/psoc creator/4.4/psoc creator/import/gnu/arm/5.4.1/bin/../lib/gcc/arm-none-eabi/5.4.1/../../../../arm-none-eabi/lib/armv7-m\libg_nano.a(lib_a-mlock.o)
 .ARM.attributes
                0x000006d6       0x2d c:/program files (x86)/cypress/psoc creator/4.4/psoc creator/import/gnu/arm/5.4.1/bin/../lib/gcc/arm-none-eabi/5.4.1/../../../../arm-none-eabi/lib/armv7-m\libg_nano.a(lib_a-reent.o)
 .ARM.attributes
                0x00000703       0x2d c:/program files (x86)/cypress/psoc creator/4.4/psoc creator/import/gnu/arm/5.4.1/bin/../lib/gcc/arm-none-eabi/5.4.1/armv7-m/crtend.o
 .ARM.attributes
                0x00000730       0x1d c:/program files (x86)/cypress/psoc creator/4.4/psoc creator/import/gnu/arm/5.4.1/bin/../lib/gcc/arm-none-eabi/5.4.1/armv7-m/crtn.o

/DISCARD/
 *(.note.GNU-stack)
OUTPUT(C:\Users\saksh\OneDrive\Documents\PSoC Creator\game\endSemProject.cydsn\CortexM3\ARM_GCC_541\Debug\endSemProject.elf elf32-littlearm)
